
> prompt-enhancer@0.1.0 test
> jest --no-coverage

npm : PASS src/core/templates/variable
.engine.test.ts
At line:1 char:1
+ npm run test -- --no-coverage > 
test_output.txt 2>&1
+ ~~~~~~~~~~~~~~~~~~~~~~~~~~~~~~~~~~~~
~~~~~~~~~~~~~~~~
    + CategoryInfo          : NotSpec 
   ified: (PASS src/core/t....engine  
  .test.ts:String) [], RemoteExcept   
 ion
    + FullyQualifiedErrorId : NativeC 
   ommandError
 
FAIL src/core/templates/template.servi
ce.test.ts
  ΓùÅ template variables ΓÇ║ all 
variables should have required 
properties

    
expect(received).toHaveProperty(path)

    Expected path: "description"
    Received path: []

    Received value: {"label": 
"Programming Language", "name": 
"language", "options": ["TypeScript", 
"JavaScript", "Python", "Java", "Go", 
"Rust", "C++"], "required": true, 
"type": "select"}

    [0m [90m 255 |[39m             
template[33m.[39mvariables[33m.[39
mforEach(variable [33m=>[39m {
     [90m 256 |[39m                 
expect(variable)[33m.[39mtoHavePrope
rty([32m'name'[39m)[33m;[39m
    [31m[1m>[22m[39m[90m 257 
|[39m                 expect(variable
)[33m.[39mtoHaveProperty([32m'descr
iption'[39m)[33m;[39m
     [90m     |[39m                 
                 [31m[1m^[22m[39m
     [90m 258 |[39m                 
expect(variable)[33m.[39mtoHavePrope
rty([32m'type'[39m)[33m;[39m
     [90m 259 |[39m             
})[33m;[39m
     [90m 260 |[39m         
})[33m;[39m[0m

      at src/core/templates/template.s
ervice.test.ts:257:34
          at Array.forEach 
(<anonymous>)
      at src/core/templates/template.s
ervice.test.ts:255:32
          at Array.forEach 
(<anonymous>)
      at Object.<anonymous> (src/core/
templates/template.service.test.ts:254
:19)

FAIL src/core/analysis/use-case-detect
or.test.ts
  ΓùÅ detectUseCase ΓÇ║ basic 
functionality ΓÇ║ should return 
confidence between 0 and 1

    expect(received).toBeLessThanOrEqu
al(expected)

    Expected: <= 1
    Received:    100

    [0m [90m 23 |[39m
     [90m 24 |[39m             expec
t(result[33m.[39mconfidence)[33m.[
39mtoBeGreaterThanOrEqual([35m0[39m)
[33m;[39m
    [31m[1m>[22m[39m[90m 25 
|[39m             expect(result[33m.
[39mconfidence)[33m.[39mtoBeLessTha
nOrEqual([35m1[39m)[33m;[39m
     [90m    |[39m                  
                     
[31m[1m^[22m[39m
     [90m 26 |[39m         
})[33m;[39m
     [90m 27 |[39m     })[33m;[39m
     [90m 28 |[39m[0m

      at Object.<anonymous> (src/core/
analysis/use-case-detector.test.ts:25:
39)

  ΓùÅ detectUseCase ΓÇ║ analysis 
detection ΓÇ║ should detect analysis 
for comparison prompts

    expect(received).toBe(expected) 
// Object.is equality

    Expected: "analysis"
    Received: "coding"

    [0m [90m 89 |[39m             
[36mconst[39m result [33m=[39m 
detectUseCase([32m'Compare React vs 
Vue frameworks'[39m)[33m;[39m
     [90m 90 |[39m
    [31m[1m>[22m[39m[90m 91 
|[39m             expect(result[33m.
[39mprimary)[33m.[39mtoBe([32m'ana
lysis'[39m)[33m;[39m
     [90m    |[39m                  
                  [31m[1m^[22m[39m
     [90m 92 |[39m         
})[33m;[39m
     [90m 93 |[39m
     [90m 94 |[39m         
it([32m'should detect analysis for 
statistical prompts'[39m[33m,[39m 
() [33m=>[39m {[0m

      at Object.<anonymous> (src/core/
analysis/use-case-detector.test.ts:91:
36)

  ΓùÅ detectUseCase ΓÇ║ marketing 
detection ΓÇ║ should detect marketing 
for SEO prompts

    expect(received).toBe(expected) 
// Object.is equality

    Expected: "marketing"
    Received: "coding"

    [0m [90m 129 |[39m             
[36mconst[39m result [33m=[39m 
detectUseCase([32m'Create 
SEO-optimized content for our 
website'[39m)[33m;[39m
     [90m 130 |[39m
    [31m[1m>[22m[39m[90m 131 
|[39m             expect(result[33m.
[39mprimary)[33m.[39mtoBe([32m'mar
keting'[39m)[33m;[39m
     [90m     |[39m                 
                   
[31m[1m^[22m[39m
     [90m 132 |[39m         
})[33m;[39m
     [90m 133 |[39m
     [90m 134 |[39m         
it([32m'should detect marketing for 
campaign prompts'[39m[33m,[39m () 
[33m=>[39m {[0m

      at Object.<anonymous> (src/core/
analysis/use-case-detector.test.ts:131
:36)

  ΓùÅ detectUseCase ΓÇ║ general 
detection ΓÇ║ should have lower 
confidence for general prompts

    expect(received).toBeLessThan(expe
cted)

    Expected: < 0.5
    Received:   50

    [0m [90m 183 |[39m             
[36mconst[39m result [33m=[39m 
detectUseCase([32m'what is 
this'[39m)[33m;[39m
     [90m 184 |[39m
    [31m[1m>[22m[39m[90m 185 
|[39m             expect(result[33m.
[39mconfidence)[33m.[39mtoBeLessTha
n([35m0.5[39m)[33m;[39m
     [90m     |[39m                 
                      
[31m[1m^[22m[39m
     [90m 186 |[39m         
})[33m;[39m
     [90m 187 |[39m     
})[33m;[39m
     [90m 188 |[39m[0m

      at Object.<anonymous> (src/core/
analysis/use-case-detector.test.ts:185
:39)

FAIL src/data/prompt-patterns.test.ts
  ΓùÅ searchPatterns ΓÇ║ should find 
patterns by description

    expect(received).toBeGreaterThan(e
xpected)

    Expected: > 0
    Received:   0

    [0m [90m 178 |[39m         
[36mconst[39m result [33m=[39m 
searchPatterns([32m'step by 
step'[39m)[33m;[39m
     [90m 179 |[39m
    [31m[1m>[22m[39m[90m 180 
|[39m         expect(result[33m.[39
mlength)[33m.[39mtoBeGreaterThan([3
5m0[39m)[33m;[39m
     [90m     |[39m                 
              [31m[1m^[22m[39m
     [90m 181 |[39m     
})[33m;[39m
     [90m 182 |[39m
     [90m 183 |[39m     
it([32m'should find patterns by 
tags'[39m[33m,[39m () [33m=>[39m 
{[0m

      at Object.<anonymous> (src/data/
prompt-patterns.test.ts:180:31)

FAIL src/core/analysis/prompt-scorer.t
est.ts
  ΓùÅ analyzePrompt ΓÇ║ specificity 
dimension ΓÇ║ should score higher for 
prompts with specific details

    expect(received).toBeGreaterThan(e
xpected)

    Expected: > 40
    Received:   40

    [0m [90m 65 |[39m             
[36mconst[39m vagueResult 
[33m=[39m 
analyzePrompt(vaguePrompt)[33m;[39m
     [90m 66 |[39m
    [31m[1m>[22m[39m[90m 67 
|[39m             expect(specificResu
lt[33m.[39mbreakdown[33m.[39mspeci
ficity)[33m.[39mtoBeGreaterThan(vagu
eResult[33m.[39mbreakdown[33m.[39m
specificity)[33m;[39m
     [90m    |[39m                  
                                      
  [31m[1m^[22m[39m
     [90m 68 |[39m         
})[33m;[39m
     [90m 69 |[39m
     [90m 70 |[39m         
it([32m'should penalize vague words 
like something, stuff, 
things'[39m[33m,[39m () 
[33m=>[39m {[0m

      at Object.<anonymous> (src/core/
analysis/prompt-scorer.test.ts:67:58)

PASS src/core/analysis/token-estimator
.test.ts
PASS src/core/templates/context.adapte
r.test.ts
PASS src/store/slices/templatesSlice.t
est.ts
FAIL src/core/suggestions/suggestion-e
ngine.test.ts
  ΓùÅ generateSuggestions ΓÇ║ 
constraints detection ΓÇ║ should 
suggest adding constraints for longer 
prompts

    expect(received).toBeDefined()

    Received: undefined

    [0m [90m 156 |[39m
     [90m 157 |[39m             
[36mconst[39m constraintSuggestion 
[33m=[39m result[33m.[39mfind(s 
[33m=>[39m s[33m.[39mid 
[33m===[39m [32m'add-constraints'[
39m)[33m;[39m
    [31m[1m>[22m[39m[90m 158 
|[39m             expect(constraintSu
ggestion)[33m.[39mtoBeDefined()[33m
;[39m
     [90m     |[39m                 
                         
[31m[1m^[22m[39m
     [90m 159 |[39m         
})[33m;[39m
     [90m 160 |[39m
     [90m 161 |[39m         
it([32m'should NOT suggest 
constraints when 
present'[39m[33m,[39m () 
[33m=>[39m {[0m

      at Object.<anonymous> (src/core/
suggestions/suggestion-engine.test.ts:
158:42)

  ΓùÅ generateSuggestions ΓÇ║ context 
detection ΓÇ║ should suggest adding 
context for prompts without background

    expect(received).toBeDefined()

    Received: undefined

    [0m [90m 172 |[39m
     [90m 173 |[39m             
[36mconst[39m contextSuggestion 
[33m=[39m result[33m.[39mfind(s 
[33m=>[39m s[33m.[39mid 
[33m===[39m 
[32m'add-context'[39m)[33m;[39m
    [31m[1m>[22m[39m[90m 174 
|[39m             expect(contextSugge
stion)[33m.[39mtoBeDefined()[33m;[
39m
     [90m     |[39m                 
                      
[31m[1m^[22m[39m
     [90m 175 |[39m         
})[33m;[39m
     [90m 176 |[39m
     [90m 177 |[39m         
it([32m'should NOT suggest context 
when provided'[39m[33m,[39m () 
[33m=>[39m {[0m

      at Object.<anonymous> (src/core/
suggestions/suggestion-engine.test.ts:
174:39)

  ΓùÅ generateSuggestions ΓÇ║ 
step-by-step detection ΓÇ║ should 
suggest steps for complex task prompts

    expect(received).toBeDefined()

    Received: undefined

    [0m [90m 204 |[39m
     [90m 205 |[39m             
[36mconst[39m stepsSuggestion 
[33m=[39m result[33m.[39mfind(s 
[33m=>[39m s[33m.[39mid 
[33m===[39m 
[32m'add-steps'[39m)[33m;[39m
    [31m[1m>[22m[39m[90m 206 
|[39m             expect(stepsSuggest
ion)[33m.[39mtoBeDefined()[33m;[39
m
     [90m     |[39m                 
                    
[31m[1m^[22m[39m
     [90m 207 |[39m         
})[33m;[39m
     [90m 208 |[39m
     [90m 209 |[39m         
it([32m'should NOT suggest steps 
when already 
requested'[39m[33m,[39m () 
[33m=>[39m {[0m

      at Object.<anonymous> (src/core/
suggestions/suggestion-engine.test.ts:
206:37)

PASS src/core/services/enhance/enhance
.service.test.ts
PASS src/app/api/refine/enhance/route.
test.ts
PASS src/app/api/refine/questions/rout
e.test.ts
PASS src/app/api/enhance/route.test.ts
PASS 
src/core/analysis/llm-analyzer.test.ts
  ΓùÅ Console

    console.error
      Failed to parse LLM response: 
SyntaxError: Unexpected token 'T', 
"This is not JSON" is not valid JSON
          at JSON.parse (<anonymous>)
          at parseAnalysisResponse (D:
\Prompt_Enhancer\prompt-enhancer\src\c
ore\analysis\llm-analyzer.ts:103:29)
          at Object.<anonymous> (D:\Pr
ompt_Enhancer\prompt-enhancer\src\core
\analysis\llm-analyzer.test.ts:94:45)
          at 
Promise.finally.completed (D:\Prompt_E
nhancer\prompt-enhancer\node_modules\j
est-circus\build\jestAdapterInit.js:15
57:28)
          at new Promise (<anonymous>)
          at callAsyncCircusFn (D:\Pro
mpt_Enhancer\prompt-enhancer\node_modu
les\jest-circus\build\jestAdapterInit.
js:1497:10)
          at _callCircusTest (D:\Promp
t_Enhancer\prompt-enhancer\node_module
s\jest-circus\build\jestAdapterInit.js
:1007:40)
          at 
processTicksAndRejections (node:intern
al/process/task_queues:95:5)
          at _runTest (D:\Prompt_Enhan
cer\prompt-enhancer\node_modules\jest-
circus\build\jestAdapterInit.js:947:3)
          at D:\Prompt_Enhancer\prompt
-enhancer\node_modules\jest-circus\bui
ld\jestAdapterInit.js:849:7
          at 
_runTestsForDescribeBlock (D:\Prompt_E
nhancer\prompt-enhancer\node_modules\j
est-circus\build\jestAdapterInit.js:86
2:11)
          at 
_runTestsForDescribeBlock (D:\Prompt_E
nhancer\prompt-enhancer\node_modules\j
est-circus\build\jestAdapterInit.js:85
7:11)
          at run (D:\Prompt_Enhancer\p
rompt-enhancer\node_modules\jest-circu
s\build\jestAdapterInit.js:761:3)
          at 
runAndTransformResultsToJestFormat (D:
\Prompt_Enhancer\prompt-enhancer\node_
modules\jest-circus\build\jestAdapterI
nit.js:1918:21)
          at jestAdapter (D:\Prompt_En
hancer\prompt-enhancer\node_modules\je
st-circus\build\runner.js:101:19)
          at runTestInternal (D:\Promp
t_Enhancer\prompt-enhancer\node_module
s\jest-runner\build\testWorker.js:275:
16)
          at runTest (D:\Prompt_Enhanc
er\prompt-enhancer\node_modules\jest-r
unner\build\testWorker.js:343:7)
          at Object.worker (D:\Prompt_
Enhancer\prompt-enhancer\node_modules\
jest-runner\build\testWorker.js:497:12
)

    [0m [90m 123 |[39m         
}[33m;[39m
     [90m 124 |[39m     } 
[36mcatch[39m (error) {
    [31m[1m>[22m[39m[90m 125 
|[39m         
console[33m.[39merror([32m'Failed 
to parse LLM 
response:'[39m[33m,[39m 
error)[33m;[39m
     [90m     |[39m                 
[31m[1m^[22m[39m
     [90m 126 |[39m         [90m// 
Return fallback[39m
     [90m 127 |[39m         
[36mreturn[39m {
     [90m 128 |[39m             
overall[33m:[39m 
[35m50[39m[33m,[39m[0m

      at parseAnalysisResponse (src/co
re/analysis/llm-analyzer.ts:125:17)
      at Object.<anonymous> (src/core/
analysis/llm-analyzer.test.ts:94:45)

    console.error
      Failed to parse LLM response: 
SyntaxError: Unexpected end of JSON 
input
          at JSON.parse (<anonymous>)
          at parseAnalysisResponse (D:
\Prompt_Enhancer\prompt-enhancer\src\c
ore\analysis\llm-analyzer.ts:103:29)
          at Object.<anonymous> (D:\Pr
ompt_Enhancer\prompt-enhancer\src\core
\analysis\llm-analyzer.test.ts:102:45)
          at 
Promise.finally.completed (D:\Prompt_E
nhancer\prompt-enhancer\node_modules\j
est-circus\build\jestAdapterInit.js:15
57:28)
          at new Promise (<anonymous>)
          at callAsyncCircusFn (D:\Pro
mpt_Enhancer\prompt-enhancer\node_modu
les\jest-circus\build\jestAdapterInit.
js:1497:10)
          at _callCircusTest (D:\Promp
t_Enhancer\prompt-enhancer\node_module
s\jest-circus\build\jestAdapterInit.js
:1007:40)
          at 
processTicksAndRejections (node:intern
al/process/task_queues:95:5)
          at _runTest (D:\Prompt_Enhan
cer\prompt-enhancer\node_modules\jest-
circus\build\jestAdapterInit.js:947:3)
          at D:\Prompt_Enhancer\prompt
-enhancer\node_modules\jest-circus\bui
ld\jestAdapterInit.js:849:7
          at 
_runTestsForDescribeBlock (D:\Prompt_E
nhancer\prompt-enhancer\node_modules\j
est-circus\build\jestAdapterInit.js:86
2:11)
          at 
_runTestsForDescribeBlock (D:\Prompt_E
nhancer\prompt-enhancer\node_modules\j
est-circus\build\jestAdapterInit.js:85
7:11)
          at run (D:\Prompt_Enhancer\p
rompt-enhancer\node_modules\jest-circu
s\build\jestAdapterInit.js:761:3)
          at 
runAndTransformResultsToJestFormat (D:
\Prompt_Enhancer\prompt-enhancer\node_
modules\jest-circus\build\jestAdapterI
nit.js:1918:21)
          at jestAdapter (D:\Prompt_En
hancer\prompt-enhancer\node_modules\je
st-circus\build\runner.js:101:19)
          at runTestInternal (D:\Promp
t_Enhancer\prompt-enhancer\node_module
s\jest-runner\build\testWorker.js:275:
16)
          at runTest (D:\Prompt_Enhanc
er\prompt-enhancer\node_modules\jest-r
unner\build\testWorker.js:343:7)
          at Object.worker (D:\Prompt_
Enhancer\prompt-enhancer\node_modules\
jest-runner\build\testWorker.js:497:12
)

    [0m [90m 123 |[39m         
}[33m;[39m
     [90m 124 |[39m     } 
[36mcatch[39m (error) {
    [31m[1m>[22m[39m[90m 125 
|[39m         
console[33m.[39merror([32m'Failed 
to parse LLM 
response:'[39m[33m,[39m 
error)[33m;[39m
     [90m     |[39m                 
[31m[1m^[22m[39m
     [90m 126 |[39m         [90m// 
Return fallback[39m
     [90m 127 |[39m         
[36mreturn[39m {
     [90m 128 |[39m             
overall[33m:[39m 
[35m50[39m[33m,[39m[0m

      at parseAnalysisResponse (src/co
re/analysis/llm-analyzer.ts:125:17)
      at Object.<anonymous> (src/core/
analysis/llm-analyzer.test.ts:102:45)

PASS src/core/services/llm/anthropic.a
dapter.test.ts
PASS 
src/shared/hooks/useClipboard.test.ts
PASS src/core/services/llm/openai.adap
ter.test.ts
PASS src/shared/hooks/useApi.test.ts
PASS src/core/services/llm/llm.factory
.test.ts
PASS 
src/shared/utils/error-handler.test.ts
PASS src/store/slices/uiSlice.test.ts
PASS 
src/core/prompts/templates.test.ts
PASS 
src/infrastructure/config/env.test.ts
PASS 
src/shared/utils/validation.test.ts
PASS src/components/organisms/PromptEn
hancer/PromptEnhancer.test.tsx 
(12.833 s)

Summary of all failing tests
FAIL src/core/templates/template.servi
ce.test.ts
  ΓùÅ template variables ΓÇ║ all 
variables should have required 
properties

    
expect(received).toHaveProperty(path)

    Expected path: "description"
    Received path: []

    Received value: {"label": 
"Programming Language", "name": 
"language", "options": ["TypeScript", 
"JavaScript", "Python", "Java", "Go", 
"Rust", "C++"], "required": true, 
"type": "select"}

    [0m [90m 255 |[39m             
template[33m.[39mvariables[33m.[39
mforEach(variable [33m=>[39m {
     [90m 256 |[39m                 
expect(variable)[33m.[39mtoHavePrope
rty([32m'name'[39m)[33m;[39m
    [31m[1m>[22m[39m[90m 257 
|[39m                 expect(variable
)[33m.[39mtoHaveProperty([32m'descr
iption'[39m)[33m;[39m
     [90m     |[39m                 
                 [31m[1m^[22m[39m
     [90m 258 |[39m                 
expect(variable)[33m.[39mtoHavePrope
rty([32m'type'[39m)[33m;[39m
     [90m 259 |[39m             
})[33m;[39m
     [90m 260 |[39m         
})[33m;[39m[0m

      at src/core/templates/template.s
ervice.test.ts:257:34
          at Array.forEach 
(<anonymous>)
      at src/core/templates/template.s
ervice.test.ts:255:32
          at Array.forEach 
(<anonymous>)
      at Object.<anonymous> (src/core/
templates/template.service.test.ts:254
:19)

FAIL src/core/analysis/use-case-detect
or.test.ts
  ΓùÅ detectUseCase ΓÇ║ basic 
functionality ΓÇ║ should return 
confidence between 0 and 1

    expect(received).toBeLessThanOrEqu
al(expected)

    Expected: <= 1
    Received:    100

    [0m [90m 23 |[39m
     [90m 24 |[39m             expec
t(result[33m.[39mconfidence)[33m.[
39mtoBeGreaterThanOrEqual([35m0[39m)
[33m;[39m
    [31m[1m>[22m[39m[90m 25 
|[39m             expect(result[33m.
[39mconfidence)[33m.[39mtoBeLessTha
nOrEqual([35m1[39m)[33m;[39m
     [90m    |[39m                  
                     
[31m[1m^[22m[39m
     [90m 26 |[39m         
})[33m;[39m
     [90m 27 |[39m     })[33m;[39m
     [90m 28 |[39m[0m

      at Object.<anonymous> (src/core/
analysis/use-case-detector.test.ts:25:
39)

  ΓùÅ detectUseCase ΓÇ║ analysis 
detection ΓÇ║ should detect analysis 
for comparison prompts

    expect(received).toBe(expected) 
// Object.is equality

    Expected: "analysis"
    Received: "coding"

    [0m [90m 89 |[39m             
[36mconst[39m result [33m=[39m 
detectUseCase([32m'Compare React vs 
Vue frameworks'[39m)[33m;[39m
     [90m 90 |[39m
    [31m[1m>[22m[39m[90m 91 
|[39m             expect(result[33m.
[39mprimary)[33m.[39mtoBe([32m'ana
lysis'[39m)[33m;[39m
     [90m    |[39m                  
                  [31m[1m^[22m[39m
     [90m 92 |[39m         
})[33m;[39m
     [90m 93 |[39m
     [90m 94 |[39m         
it([32m'should detect analysis for 
statistical prompts'[39m[33m,[39m 
() [33m=>[39m {[0m

      at Object.<anonymous> (src/core/
analysis/use-case-detector.test.ts:91:
36)

  ΓùÅ detectUseCase ΓÇ║ marketing 
detection ΓÇ║ should detect marketing 
for SEO prompts

    expect(received).toBe(expected) 
// Object.is equality

    Expected: "marketing"
    Received: "coding"

    [0m [90m 129 |[39m             
[36mconst[39m result [33m=[39m 
detectUseCase([32m'Create 
SEO-optimized content for our 
website'[39m)[33m;[39m
     [90m 130 |[39m
    [31m[1m>[22m[39m[90m 131 
|[39m             expect(result[33m.
[39mprimary)[33m.[39mtoBe([32m'mar
keting'[39m)[33m;[39m
     [90m     |[39m                 
                   
[31m[1m^[22m[39m
     [90m 132 |[39m         
})[33m;[39m
     [90m 133 |[39m
     [90m 134 |[39m         
it([32m'should detect marketing for 
campaign prompts'[39m[33m,[39m () 
[33m=>[39m {[0m

      at Object.<anonymous> (src/core/
analysis/use-case-detector.test.ts:131
:36)

  ΓùÅ detectUseCase ΓÇ║ general 
detection ΓÇ║ should have lower 
confidence for general prompts

    expect(received).toBeLessThan(expe
cted)

    Expected: < 0.5
    Received:   50

    [0m [90m 183 |[39m             
[36mconst[39m result [33m=[39m 
detectUseCase([32m'what is 
this'[39m)[33m;[39m
     [90m 184 |[39m
    [31m[1m>[22m[39m[90m 185 
|[39m             expect(result[33m.
[39mconfidence)[33m.[39mtoBeLessTha
n([35m0.5[39m)[33m;[39m
     [90m     |[39m                 
                      
[31m[1m^[22m[39m
     [90m 186 |[39m         
})[33m;[39m
     [90m 187 |[39m     
})[33m;[39m
     [90m 188 |[39m[0m

      at Object.<anonymous> (src/core/
analysis/use-case-detector.test.ts:185
:39)

FAIL src/data/prompt-patterns.test.ts
  ΓùÅ searchPatterns ΓÇ║ should find 
patterns by description

    expect(received).toBeGreaterThan(e
xpected)

    Expected: > 0
    Received:   0

    [0m [90m 178 |[39m         
[36mconst[39m result [33m=[39m 
searchPatterns([32m'step by 
step'[39m)[33m;[39m
     [90m 179 |[39m
    [31m[1m>[22m[39m[90m 180 
|[39m         expect(result[33m.[39
mlength)[33m.[39mtoBeGreaterThan([3
5m0[39m)[33m;[39m
     [90m     |[39m                 
              [31m[1m^[22m[39m
     [90m 181 |[39m     
})[33m;[39m
     [90m 182 |[39m
     [90m 183 |[39m     
it([32m'should find patterns by 
tags'[39m[33m,[39m () [33m=>[39m 
{[0m

      at Object.<anonymous> (src/data/
prompt-patterns.test.ts:180:31)

FAIL src/core/analysis/prompt-scorer.t
est.ts
  ΓùÅ analyzePrompt ΓÇ║ specificity 
dimension ΓÇ║ should score higher for 
prompts with specific details

    expect(received).toBeGreaterThan(e
xpected)

    Expected: > 40
    Received:   40

    [0m [90m 65 |[39m             
[36mconst[39m vagueResult 
[33m=[39m 
analyzePrompt(vaguePrompt)[33m;[39m
     [90m 66 |[39m
    [31m[1m>[22m[39m[90m 67 
|[39m             expect(specificResu
lt[33m.[39mbreakdown[33m.[39mspeci
ficity)[33m.[39mtoBeGreaterThan(vagu
eResult[33m.[39mbreakdown[33m.[39m
specificity)[33m;[39m
     [90m    |[39m                  
                                      
  [31m[1m^[22m[39m
     [90m 68 |[39m         
})[33m;[39m
     [90m 69 |[39m
     [90m 70 |[39m         
it([32m'should penalize vague words 
like something, stuff, 
things'[39m[33m,[39m () 
[33m=>[39m {[0m

      at Object.<anonymous> (src/core/
analysis/prompt-scorer.test.ts:67:58)

FAIL src/core/suggestions/suggestion-e
ngine.test.ts
  ΓùÅ generateSuggestions ΓÇ║ 
constraints detection ΓÇ║ should 
suggest adding constraints for longer 
prompts

    expect(received).toBeDefined()

    Received: undefined

    [0m [90m 156 |[39m
     [90m 157 |[39m             
[36mconst[39m constraintSuggestion 
[33m=[39m result[33m.[39mfind(s 
[33m=>[39m s[33m.[39mid 
[33m===[39m [32m'add-constraints'[
39m)[33m;[39m
    [31m[1m>[22m[39m[90m 158 
|[39m             expect(constraintSu
ggestion)[33m.[39mtoBeDefined()[33m
;[39m
     [90m     |[39m                 
                         
[31m[1m^[22m[39m
     [90m 159 |[39m         
})[33m;[39m
     [90m 160 |[39m
     [90m 161 |[39m         
it([32m'should NOT suggest 
constraints when 
present'[39m[33m,[39m () 
[33m=>[39m {[0m

      at Object.<anonymous> (src/core/
suggestions/suggestion-engine.test.ts:
158:42)

  ΓùÅ generateSuggestions ΓÇ║ context 
detection ΓÇ║ should suggest adding 
context for prompts without background

    expect(received).toBeDefined()

    Received: undefined

    [0m [90m 172 |[39m
     [90m 173 |[39m             
[36mconst[39m contextSuggestion 
[33m=[39m result[33m.[39mfind(s 
[33m=>[39m s[33m.[39mid 
[33m===[39m 
[32m'add-context'[39m)[33m;[39m
    [31m[1m>[22m[39m[90m 174 
|[39m             expect(contextSugge
stion)[33m.[39mtoBeDefined()[33m;[
39m
     [90m     |[39m                 
                      
[31m[1m^[22m[39m
     [90m 175 |[39m         
})[33m;[39m
     [90m 176 |[39m
     [90m 177 |[39m         
it([32m'should NOT suggest context 
when provided'[39m[33m,[39m () 
[33m=>[39m {[0m

      at Object.<anonymous> (src/core/
suggestions/suggestion-engine.test.ts:
174:39)

  ΓùÅ generateSuggestions ΓÇ║ 
step-by-step detection ΓÇ║ should 
suggest steps for complex task prompts

    expect(received).toBeDefined()

    Received: undefined

    [0m [90m 204 |[39m
     [90m 205 |[39m             
[36mconst[39m stepsSuggestion 
[33m=[39m result[33m.[39mfind(s 
[33m=>[39m s[33m.[39mid 
[33m===[39m 
[32m'add-steps'[39m)[33m;[39m
    [31m[1m>[22m[39m[90m 206 
|[39m             expect(stepsSuggest
ion)[33m.[39mtoBeDefined()[33m;[39
m
     [90m     |[39m                 
                    
[31m[1m^[22m[39m
     [90m 207 |[39m         
})[33m;[39m
     [90m 208 |[39m
     [90m 209 |[39m         
it([32m'should NOT suggest steps 
when already 
requested'[39m[33m,[39m () 
[33m=>[39m {[0m

      at Object.<anonymous> (src/core/
suggestions/suggestion-engine.test.ts:
206:37)


Test Suites: 5 failed, 20 passed, 25 
total
Tests:       10 failed, 373 passed, 
383 total
Snapshots:   0 total
Time:        15.959 s
Ran all test suites.
